// Jest Snapshot v1, https://goo.gl/fbAQLP

exports[`should render header correctly 1`] = `
<header>
  <h1>
    Expensifie
  </h1>
  <NavLink
    to="/dashboard"
  >
    Dashboard
  </NavLink>
  <NavLink
    to="/create"
  >
    Create Expense
  </NavLink>
  <NavLink
    to="/help"
  >
    Help
  </NavLink>
  <button>
    logout
  </button>
</header>
`;
